Could not find the Hadoop DSL profile file doesntExistFile.gradle. Ignoring this file.
Hadoop DSL static checker PASSED

