JobDependencyChecker ERROR: workflow cycles1 has a dependency cycle: job1->job2->job1. The workflow dependencies must form a directed, acyclic graph.
