PropertySetChecker ERROR: propertySet1 has a baseProperties cycle: propertySet1->propertySet2->propertySet1
PropertySetChecker ERROR: propertySet3 has a baseProperties cycle: propertySet3->propertySet6->propertySet5->propertySet4->propertySet3
