An object with the name workflow1 is already declared in the scope hadoop