An object with the name properties1 is already declared in the scope workflow1