An object with the name job1 is already declared in the scope