:hadoop-plugin-test:test_applyProfile
Running test for the file positive/applyProfile.gradle
Hadoop DSL static checker PASSED

BUILD SUCCESSFUL

