:hadoop-plugin-test:test_propertyFiles1
Running test for the file positive/propertyFiles1.gradle
WorkflowJobChecker WARNING: Workflow propertyFiles1Workflow1 does not declare any target jobs. Use the workflow targets method to declare the target jobs for the workflow.
WorkflowJobChecker WARNING: Workflow propertyFiles1Workflow1 does not contain any jobs. No job files will be built for this workflow.
Hadoop DSL static checker PASSED

BUILD SUCCESSFUL

